// Jest Snapshot v1, https://goo.gl/fbAQLP

exports[`компонент Login проверка состояния элементов компонента создание снапшота 1`] = `ReactWrapper {}`;
