// Jest Snapshot v1, https://goo.gl/fbAQLP

exports[`компонент ProfilePage проверка состояния элементов компонента создание снапшота 1`] = `ReactWrapper {}`;
